
> learnova@1.0.0 test
> jest

node.exe : PASS utils/__tests__/formValidation.test.js
At line:1 char:1
+ & "C:\Program Files\nodejs/node.exe" "C:\Program Files\nodejs/node_mo ...
+ ~~~~~~~~~~~~~~~~~~~~~~~~~~~~~~~~~~~~~~~~~~~~~~~~~~~~~~~~~~~~~~~~~~~~~
    + CategoryInfo          : NotSpecified: (PASS utils/__te...idation.test.js:String) [], RemoteException
    + FullyQualifiedErrorId : NativeCommandError
 
PASS components/_tests_/formValidation.test.js
PASS components/_tests_/labelsRoute.test.js
PASS components/_tests_/authUtils.test.js
FAIL components/_tests_/exceptionsUpdateRoute.test.js
  ΓùÅ Console

    console.error
      Unexpected server error: { name: 'Error', message: 'Database disconnected', code: 'UNKNOWN' }

    [0m [90m 73 |[39m         console[33m.[39merror([32m"Unexpected server error:"[39m[33m,[39m 
error)[33m;[39m
     [90m 74 |[39m       } [36melse[39m {
    [31m[1m>[22m[39m[90m 75 |[39m         console[33m.[39merror([32m"Unexpected server 
error:"[39m[33m,[39m {
     [90m    |[39m                 [31m[1m^[22m[39m
     [90m 76 |[39m           name[33m:[39m error[33m?[39m[33m.[39mname[33m,[39m
     [90m 77 |[39m           message[33m:[39m error[33m?[39m[33m.[39mmessage[33m,[39m
     [90m 78 |[39m           code[33m:[39m error[33m?[39m[33m.[39mcode [33m?[39m[33m?[39m 
[32m"UNKNOWN"[39m[33m,[39m[0m

      at error (lib/error-handler.js:75:17)
      at Object.<anonymous> (components/_tests_/exceptionsUpdateRoute.test.js:272:22)

  ΓùÅ PUT /api/exceptions/update - Security and Validation Tests ΓÇ║ rejects request if user profile not found with 404

    expect(received).toBe(expected) // Object.is equality

    Expected: "Forbidden: Requires one of admin, teacher"
    Received: "User profile not found. Access denied."

    [0m [90m 82 |[39m
     [90m 83 |[39m     expect(response[33m.[39mstatus)[33m.[39mtoBe([35m403[39m)[33m;[39m
    [31m[1m>[22m[39m[90m 84 |[39m     expect(body[33m.[39merror)[33m.[39mtoBe([32m"Forbidden: Requires one 
of admin, teacher"[39m)[33m;[39m
     [90m    |[39m                        [31m[1m^[22m[39m
     [90m 85 |[39m     expect(mockUpdateOne)[33m.[39mnot[33m.[39mtoHaveBeenCalled()[33m;[39m
     [90m 86 |[39m   })[33m;[39m
     [90m 87 |[39m[0m

      at Object.toBe (components/_tests_/exceptionsUpdateRoute.test.js:84:24)

PASS components/_tests_/groqRoute.test.js
  ΓùÅ Console

    console.warn
      [rate-limit] MongoDB unavailable (null db), using in-memory fallback

    [0m [90m 43 |[39m     [36mconst[39m db [33m=[39m [36mawait[39m connectDb()[33m;[39m
     [90m 44 |[39m     [36mif[39m ([33m![39mdb [33m||[39m [36mtypeof[39m db[33m.[39mcollection 
[33m!==[39m [32m"function"[39m) {
    [31m[1m>[22m[39m[90m 45 |[39m       console[33m.[39mwarn([32m"[rate-limit] MongoDB unavailable (null db), 
using in-memory fallback"[39m)[33m;[39m
     [90m    |[39m               [31m[1m^[22m[39m
     [90m 46 |[39m       [36mreturn[39m checkRateLimitFallback(userId)[33m;[39m
     [90m 47 |[39m     }
     [90m 48 |[39m     [36mconst[39m collection [33m=[39m 
db[33m.[39mcollection([32m"rate_limits"[39m)[33m;[39m[0m

      at warn (lib/rateLimit.js:45:15)
      at app/api/groq/route.js:26:21
      at lib/error-handler.js:53:14
      at Object.<anonymous> (components/_tests_/groqRoute.test.js:82:22)

    console.warn
      [rate-limit] MongoDB unavailable (null db), using in-memory fallback

    [0m [90m 43 |[39m     [36mconst[39m db [33m=[39m [36mawait[39m connectDb()[33m;[39m
     [90m 44 |[39m     [36mif[39m ([33m![39mdb [33m||[39m [36mtypeof[39m db[33m.[39mcollection 
[33m!==[39m [32m"function"[39m) {
    [31m[1m>[22m[39m[90m 45 |[39m       console[33m.[39mwarn([32m"[rate-limit] MongoDB unavailable (null db), 
using in-memory fallback"[39m)[33m;[39m
     [90m    |[39m               [31m[1m^[22m[39m
     [90m 46 |[39m       [36mreturn[39m checkRateLimitFallback(userId)[33m;[39m
     [90m 47 |[39m     }
     [90m 48 |[39m     [36mconst[39m collection [33m=[39m 
db[33m.[39mcollection([32m"rate_limits"[39m)[33m;[39m[0m

      at warn (lib/rateLimit.js:45:15)
      at app/api/groq/route.js:26:21
      at lib/error-handler.js:53:14
      at Object.<anonymous> (components/_tests_/groqRoute.test.js:98:22)

    console.warn
      [rate-limit] MongoDB unavailable (null db), using in-memory fallback

    [0m [90m 43 |[39m     [36mconst[39m db [33m=[39m [36mawait[39m connectDb()[33m;[39m
     [90m 44 |[39m     [36mif[39m ([33m![39mdb [33m||[39m [36mtypeof[39m db[33m.[39mcollection 
[33m!==[39m [32m"function"[39m) {
    [31m[1m>[22m[39m[90m 45 |[39m       console[33m.[39mwarn([32m"[rate-limit] MongoDB unavailable (null db), 
using in-memory fallback"[39m)[33m;[39m
     [90m    |[39m               [31m[1m^[22m[39m
     [90m 46 |[39m       [36mreturn[39m checkRateLimitFallback(userId)[33m;[39m
     [90m 47 |[39m     }
     [90m 48 |[39m     [36mconst[39m collection [33m=[39m 
db[33m.[39mcollection([32m"rate_limits"[39m)[33m;[39m[0m

      at warn (lib/rateLimit.js:45:15)
      at app/api/groq/route.js:26:21
      at lib/error-handler.js:53:14
      at Object.<anonymous> (components/_tests_/groqRoute.test.js:122:19)

    console.warn
      [rate-limit] MongoDB unavailable (null db), using in-memory fallback

    [0m [90m 43 |[39m     [36mconst[39m db [33m=[39m [36mawait[39m connectDb()[33m;[39m
     [90m 44 |[39m     [36mif[39m ([33m![39mdb [33m||[39m [36mtypeof[39m db[33m.[39mcollection 
[33m!==[39m [32m"function"[39m) {
    [31m[1m>[22m[39m[90m 45 |[39m       console[33m.[39mwarn([32m"[rate-limit] MongoDB unavailable (null db), 
using in-memory fallback"[39m)[33m;[39m
     [90m    |[39m               [31m[1m^[22m[39m
     [90m 46 |[39m       [36mreturn[39m checkRateLimitFallback(userId)[33m;[39m
     [90m 47 |[39m     }
     [90m 48 |[39m     [36mconst[39m collection [33m=[39m 
db[33m.[39mcollection([32m"rate_limits"[39m)[33m;[39m[0m

      at warn (lib/rateLimit.js:45:15)
      at app/api/groq/route.js:26:21
      at lib/error-handler.js:53:14
      at Object.<anonymous> (components/_tests_/groqRoute.test.js:122:19)

    console.warn
      [rate-limit] MongoDB unavailable (null db), using in-memory fallback

    [0m [90m 43 |[39m     [36mconst[39m db [33m=[39m [36mawait[39m connectDb()[33m;[39m
     [90m 44 |[39m     [36mif[39m ([33m![39mdb [33m||[39m [36mtypeof[39m db[33m.[39mcollection 
[33m!==[39m [32m"function"[39m) {
    [31m[1m>[22m[39m[90m 45 |[39m       console[33m.[39mwarn([32m"[rate-limit] MongoDB unavailable (null db), 
using in-memory fallback"[39m)[33m;[39m
     [90m    |[39m               [31m[1m^[22m[39m
     [90m 46 |[39m       [36mreturn[39m checkRateLimitFallback(userId)[33m;[39m
     [90m 47 |[39m     }
     [90m 48 |[39m     [36mconst[39m collection [33m=[39m 
db[33m.[39mcollection([32m"rate_limits"[39m)[33m;[39m[0m

      at warn (lib/rateLimit.js:45:15)
      at app/api/groq/route.js:26:21
      at lib/error-handler.js:53:14
      at Object.<anonymous> (components/_tests_/groqRoute.test.js:122:19)

    console.warn
      [rate-limit] MongoDB unavailable (null db), using in-memory fallback

    [0m [90m 43 |[39m     [36mconst[39m db [33m=[39m [36mawait[39m connectDb()[33m;[39m
     [90m 44 |[39m     [36mif[39m ([33m![39mdb [33m||[39m [36mtypeof[39m db[33m.[39mcollection 
[33m!==[39m [32m"function"[39m) {
    [31m[1m>[22m[39m[90m 45 |[39m       console[33m.[39mwarn([32m"[rate-limit] MongoDB unavailable (null db), 
using in-memory fallback"[39m)[33m;[39m
     [90m    |[39m               [31m[1m^[22m[39m
     [90m 46 |[39m       [36mreturn[39m checkRateLimitFallback(userId)[33m;[39m
     [90m 47 |[39m     }
     [90m 48 |[39m     [36mconst[39m collection [33m=[39m 
db[33m.[39mcollection([32m"rate_limits"[39m)[33m;[39m[0m

      at warn (lib/rateLimit.js:45:15)
      at app/api/groq/route.js:26:21
      at lib/error-handler.js:53:14
      at Object.<anonymous> (components/_tests_/groqRoute.test.js:122:19)

    console.warn
      [rate-limit] MongoDB unavailable (null db), using in-memory fallback

    [0m [90m 43 |[39m     [36mconst[39m db [33m=[39m [36mawait[39m connectDb()[33m;[39m
     [90m 44 |[39m     [36mif[39m ([33m![39mdb [33m||[39m [36mtypeof[39m db[33m.[39mcollection 
[33m!==[39m [32m"function"[39m) {
    [31m[1m>[22m[39m[90m 45 |[39m       console[33m.[39mwarn([32m"[rate-limit] MongoDB unavailable (null db), 
using in-memory fallback"[39m)[33m;[39m
     [90m    |[39m               [31m[1m^[22m[39m
     [90m 46 |[39m       [36mreturn[39m checkRateLimitFallback(userId)[33m;[39m
     [90m 47 |[39m     }
     [90m 48 |[39m     [36mconst[39m collection [33m=[39m 
db[33m.[39mcollection([32m"rate_limits"[39m)[33m;[39m[0m

      at warn (lib/rateLimit.js:45:15)
      at app/api/groq/route.js:26:21
      at lib/error-handler.js:53:14
      at Object.<anonymous> (components/_tests_/groqRoute.test.js:122:19)

    console.warn
      [rate-limit] MongoDB unavailable (null db), using in-memory fallback

    [0m [90m 43 |[39m     [36mconst[39m db [33m=[39m [36mawait[39m connectDb()[33m;[39m
     [90m 44 |[39m     [36mif[39m ([33m![39mdb [33m||[39m [36mtypeof[39m db[33m.[39mcollection 
[33m!==[39m [32m"function"[39m) {
    [31m[1m>[22m[39m[90m 45 |[39m       console[33m.[39mwarn([32m"[rate-limit] MongoDB unavailable (null db), 
using in-memory fallback"[39m)[33m;[39m
     [90m    |[39m               [31m[1m^[22m[39m
     [90m 46 |[39m       [36mreturn[39m checkRateLimitFallback(userId)[33m;[39m
     [90m 47 |[39m     }
     [90m 48 |[39m     [36mconst[39m collection [33m=[39m 
db[33m.[39mcollection([32m"rate_limits"[39m)[33m;[39m[0m

      at warn (lib/rateLimit.js:45:15)
      at app/api/groq/route.js:26:21
      at lib/error-handler.js:53:14
      at Object.<anonymous> (components/_tests_/groqRoute.test.js:122:19)

    console.warn
      [rate-limit] MongoDB unavailable (null db), using in-memory fallback

    [0m [90m 43 |[39m     [36mconst[39m db [33m=[39m [36mawait[39m connectDb()[33m;[39m
     [90m 44 |[39m     [36mif[39m ([33m![39mdb [33m||[39m [36mtypeof[39m db[33m.[39mcollection 
[33m!==[39m [32m"function"[39m) {
    [31m[1m>[22m[39m[90m 45 |[39m       console[33m.[39mwarn([32m"[rate-limit] MongoDB unavailable (null db), 
using in-memory fallback"[39m)[33m;[39m
     [90m    |[39m               [31m[1m^[22m[39m
     [90m 46 |[39m       [36mreturn[39m checkRateLimitFallback(userId)[33m;[39m
     [90m 47 |[39m     }
     [90m 48 |[39m     [36mconst[39m collection [33m=[39m 
db[33m.[39mcollection([32m"rate_limits"[39m)[33m;[39m[0m

      at warn (lib/rateLimit.js:45:15)
      at app/api/groq/route.js:26:21
      at lib/error-handler.js:53:14
      at Object.<anonymous> (components/_tests_/groqRoute.test.js:122:19)

    console.warn
      [rate-limit] MongoDB unavailable (null db), using in-memory fallback

    [0m [90m 43 |[39m     [36mconst[39m db [33m=[39m [36mawait[39m connectDb()[33m;[39m
     [90m 44 |[39m     [36mif[39m ([33m![39mdb [33m||[39m [36mtypeof[39m db[33m.[39mcollection 
[33m!==[39m [32m"function"[39m) {
    [31m[1m>[22m[39m[90m 45 |[39m       console[33m.[39mwarn([32m"[rate-limit] MongoDB unavailable (null db), 
using in-memory fallback"[39m)[33m;[39m
     [90m    |[39m               [31m[1m^[22m[39m
     [90m 46 |[39m       [36mreturn[39m checkRateLimitFallback(userId)[33m;[39m
     [90m 47 |[39m     }
     [90m 48 |[39m     [36mconst[39m collection [33m=[39m 
db[33m.[39mcollection([32m"rate_limits"[39m)[33m;[39m[0m

      at warn (lib/rateLimit.js:45:15)
      at app/api/groq/route.js:26:21
      at lib/error-handler.js:53:14
      at Object.<anonymous> (components/_tests_/groqRoute.test.js:122:19)

    console.warn
      [rate-limit] MongoDB unavailable (null db), using in-memory fallback

    [0m [90m 43 |[39m     [36mconst[39m db [33m=[39m [36mawait[39m connectDb()[33m;[39m
     [90m 44 |[39m     [36mif[39m ([33m![39mdb [33m||[39m [36mtypeof[39m db[33m.[39mcollection 
[33m!==[39m [32m"function"[39m) {
    [31m[1m>[22m[39m[90m 45 |[39m       console[33m.[39mwarn([32m"[rate-limit] MongoDB unavailable (null db), 
using in-memory fallback"[39m)[33m;[39m
     [90m    |[39m               [31m[1m^[22m[39m
     [90m 46 |[39m       [36mreturn[39m checkRateLimitFallback(userId)[33m;[39m
     [90m 47 |[39m     }
     [90m 48 |[39m     [36mconst[39m collection [33m=[39m 
db[33m.[39mcollection([32m"rate_limits"[39m)[33m;[39m[0m

      at warn (lib/rateLimit.js:45:15)
      at app/api/groq/route.js:26:21
      at lib/error-handler.js:53:14
      at Object.<anonymous> (components/_tests_/groqRoute.test.js:122:19)

    console.warn
      [rate-limit] MongoDB unavailable (null db), using in-memory fallback

    [0m [90m 43 |[39m     [36mconst[39m db [33m=[39m [36mawait[39m connectDb()[33m;[39m
     [90m 44 |[39m     [36mif[39m ([33m![39mdb [33m||[39m [36mtypeof[39m db[33m.[39mcollection 
[33m!==[39m [32m"function"[39m) {
    [31m[1m>[22m[39m[90m 45 |[39m       console[33m.[39mwarn([32m"[rate-limit] MongoDB unavailable (null db), 
using in-memory fallback"[39m)[33m;[39m
     [90m    |[39m               [31m[1m^[22m[39m
     [90m 46 |[39m       [36mreturn[39m checkRateLimitFallback(userId)[33m;[39m
     [90m 47 |[39m     }
     [90m 48 |[39m     [36mconst[39m collection [33m=[39m 
db[33m.[39mcollection([32m"rate_limits"[39m)[33m;[39m[0m

      at warn (lib/rateLimit.js:45:15)
      at app/api/groq/route.js:26:21
      at lib/error-handler.js:53:14
      at Object.<anonymous> (components/_tests_/groqRoute.test.js:122:19)

    console.warn
      [rate-limit] MongoDB unavailable (null db), using in-memory fallback

    [0m [90m 43 |[39m     [36mconst[39m db [33m=[39m [36mawait[39m connectDb()[33m;[39m
     [90m 44 |[39m     [36mif[39m ([33m![39mdb [33m||[39m [36mtypeof[39m db[33m.[39mcollection 
[33m!==[39m [32m"function"[39m) {
    [31m[1m>[22m[39m[90m 45 |[39m       console[33m.[39mwarn([32m"[rate-limit] MongoDB unavailable (null db), 
using in-memory fallback"[39m)[33m;[39m
     [90m    |[39m               [31m[1m^[22m[39m
     [90m 46 |[39m       [36mreturn[39m checkRateLimitFallback(userId)[33m;[39m
     [90m 47 |[39m     }
     [90m 48 |[39m     [36mconst[39m collection [33m=[39m 
db[33m.[39mcollection([32m"rate_limits"[39m)[33m;[39m[0m

      at warn (lib/rateLimit.js:45:15)
      at app/api/groq/route.js:26:21
      at lib/error-handler.js:53:14
      at Object.<anonymous> (components/_tests_/groqRoute.test.js:131:22)

    console.warn
      [rate-limit] MongoDB unavailable (null db), using in-memory fallback

    [0m [90m 43 |[39m     [36mconst[39m db [33m=[39m [36mawait[39m connectDb()[33m;[39m
     [90m 44 |[39m     [36mif[39m ([33m![39mdb [33m||[39m [36mtypeof[39m db[33m.[39mcollection 
[33m!==[39m [32m"function"[39m) {
    [31m[1m>[22m[39m[90m 45 |[39m       console[33m.[39mwarn([32m"[rate-limit] MongoDB unavailable (null db), 
using in-memory fallback"[39m)[33m;[39m
     [90m    |[39m               [31m[1m^[22m[39m
     [90m 46 |[39m       [36mreturn[39m checkRateLimitFallback(userId)[33m;[39m
     [90m 47 |[39m     }
     [90m 48 |[39m     [36mconst[39m collection [33m=[39m 
db[33m.[39mcollection([32m"rate_limits"[39m)[33m;[39m[0m

      at warn (lib/rateLimit.js:45:15)
      at app/api/groq/route.js:26:21
      at lib/error-handler.js:53:14
      at Object.<anonymous> (components/_tests_/groqRoute.test.js:152:22)

    console.warn
      [rate-limit] MongoDB unavailable (null db), using in-memory fallback

    [0m [90m 43 |[39m     [36mconst[39m db [33m=[39m [36mawait[39m connectDb()[33m;[39m
     [90m 44 |[39m     [36mif[39m ([33m![39mdb [33m||[39m [36mtypeof[39m db[33m.[39mcollection 
[33m!==[39m [32m"function"[39m) {
    [31m[1m>[22m[39m[90m 45 |[39m       console[33m.[39mwarn([32m"[rate-limit] MongoDB unavailable (null db), 
using in-memory fallback"[39m)[33m;[39m
     [90m    |[39m               [31m[1m^[22m[39m
     [90m 46 |[39m       [36mreturn[39m checkRateLimitFallback(userId)[33m;[39m
     [90m 47 |[39m     }
     [90m 48 |[39m     [36mconst[39m collection [33m=[39m 
db[33m.[39mcollection([32m"rate_limits"[39m)[33m;[39m[0m

      at warn (lib/rateLimit.js:45:15)
      at app/api/groq/route.js:26:21
      at lib/error-handler.js:53:14
      at Object.<anonymous> (components/_tests_/groqRoute.test.js:175:22)

    console.error
      API request timed out { name: 'AbortError', message: 'The user aborted a request.' }

    [0m [90m 62 |[39m           console[33m.[39merror([32m"API request timed out:"[39m[33m,[39m 
error)[33m;[39m
     [90m 63 |[39m         } [36melse[39m {
    [31m[1m>[22m[39m[90m 64 |[39m           console[33m.[39merror([32m"API request timed out"[39m[33m,[39m 
{
     [90m    |[39m                   [31m[1m^[22m[39m
     [90m 65 |[39m             name[33m:[39m error[33m.[39mname[33m,[39m
     [90m 66 |[39m             message[33m:[39m error[33m.[39mmessage[33m,[39m
     [90m 67 |[39m           })[33m;[39m[0m

      at error (lib/error-handler.js:64:19)
      at Object.<anonymous> (components/_tests_/groqRoute.test.js:175:22)

    console.warn
      [rate-limit] MongoDB unavailable, using in-memory fallback ΓÇö requests still rate limited: Connection refused

    [0m [90m 83 |[39m     }[33m;[39m
     [90m 84 |[39m   } [36mcatch[39m (err) {
    [31m[1m>[22m[39m[90m 85 |[39m     console[33m.[39mwarn([32m"[rate-limit] MongoDB unavailable, using 
in-memory fallback ΓÇö requests still rate limited:"[39m[33m,[39m err[33m.[39mmessage)[33m;[39m
     [90m    |[39m             [31m[1m^[22m[39m
     [90m 86 |[39m     [36mreturn[39m checkRateLimitFallback(userId)[33m;[39m
     [90m 87 |[39m   }
     [90m 88 |[39m }[0m

      at warn (lib/rateLimit.js:85:13)
      at app/api/groq/route.js:26:21
      at lib/error-handler.js:53:14
      at Object.<anonymous> (components/_tests_/groqRoute.test.js:251:19)

    console.warn
      [rate-limit] MongoDB unavailable, using in-memory fallback ΓÇö requests still rate limited: Connection refused

    [0m [90m 83 |[39m     }[33m;[39m
     [90m 84 |[39m   } [36mcatch[39m (err) {
    [31m[1m>[22m[39m[90m 85 |[39m     console[33m.[39mwarn([32m"[rate-limit] MongoDB unavailable, using 
in-memory fallback ΓÇö requests still rate limited:"[39m[33m,[39m err[33m.[39mmessage)[33m;[39m
     [90m    |[39m             [31m[1m^[22m[39m
     [90m 86 |[39m     [36mreturn[39m checkRateLimitFallback(userId)[33m;[39m
     [90m 87 |[39m   }
     [90m 88 |[39m }[0m

      at warn (lib/rateLimit.js:85:13)
      at app/api/groq/route.js:26:21
      at lib/error-handler.js:53:14
      at Object.<anonymous> (components/_tests_/groqRoute.test.js:251:19)

    console.warn
      [rate-limit] MongoDB unavailable, using in-memory fallback ΓÇö requests still rate limited: Connection refused

    [0m [90m 83 |[39m     }[33m;[39m
     [90m 84 |[39m   } [36mcatch[39m (err) {
    [31m[1m>[22m[39m[90m 85 |[39m     console[33m.[39mwarn([32m"[rate-limit] MongoDB unavailable, using 
in-memory fallback ΓÇö requests still rate limited:"[39m[33m,[39m err[33m.[39mmessage)[33m;[39m
     [90m    |[39m             [31m[1m^[22m[39m
     [90m 86 |[39m     [36mreturn[39m checkRateLimitFallback(userId)[33m;[39m
     [90m 87 |[39m   }
     [90m 88 |[39m }[0m

      at warn (lib/rateLimit.js:85:13)
      at app/api/groq/route.js:26:21
      at lib/error-handler.js:53:14
      at Object.<anonymous> (components/_tests_/groqRoute.test.js:251:19)

    console.warn
      [rate-limit] MongoDB unavailable, using in-memory fallback ΓÇö requests still rate limited: Connection refused

    [0m [90m 83 |[39m     }[33m;[39m
     [90m 84 |[39m   } [36mcatch[39m (err) {
    [31m[1m>[22m[39m[90m 85 |[39m     console[33m.[39mwarn([32m"[rate-limit] MongoDB unavailable, using 
in-memory fallback ΓÇö requests still rate limited:"[39m[33m,[39m err[33m.[39mmessage)[33m;[39m
     [90m    |[39m             [31m[1m^[22m[39m
     [90m 86 |[39m     [36mreturn[39m checkRateLimitFallback(userId)[33m;[39m
     [90m 87 |[39m   }
     [90m 88 |[39m }[0m

      at warn (lib/rateLimit.js:85:13)
      at app/api/groq/route.js:26:21
      at lib/error-handler.js:53:14
      at Object.<anonymous> (components/_tests_/groqRoute.test.js:251:19)

    console.warn
      [rate-limit] MongoDB unavailable, using in-memory fallback ΓÇö requests still rate limited: Connection refused

    [0m [90m 83 |[39m     }[33m;[39m
     [90m 84 |[39m   } [36mcatch[39m (err) {
    [31m[1m>[22m[39m[90m 85 |[39m     console[33m.[39mwarn([32m"[rate-limit] MongoDB unavailable, using 
in-memory fallback ΓÇö requests still rate limited:"[39m[33m,[39m err[33m.[39mmessage)[33m;[39m
     [90m    |[39m             [31m[1m^[22m[39m
     [90m 86 |[39m     [36mreturn[39m checkRateLimitFallback(userId)[33m;[39m
     [90m 87 |[39m   }
     [90m 88 |[39m }[0m

      at warn (lib/rateLimit.js:85:13)
      at app/api/groq/route.js:26:21
      at lib/error-handler.js:53:14
      at Object.<anonymous> (components/_tests_/groqRoute.test.js:251:19)

    console.warn
      [rate-limit] MongoDB unavailable, using in-memory fallback ΓÇö requests still rate limited: Connection refused

    [0m [90m 83 |[39m     }[33m;[39m
     [90m 84 |[39m   } [36mcatch[39m (err) {
    [31m[1m>[22m[39m[90m 85 |[39m     console[33m.[39mwarn([32m"[rate-limit] MongoDB unavailable, using 
in-memory fallback ΓÇö requests still rate limited:"[39m[33m,[39m err[33m.[39mmessage)[33m;[39m
     [90m    |[39m             [31m[1m^[22m[39m
     [90m 86 |[39m     [36mreturn[39m checkRateLimitFallback(userId)[33m;[39m
     [90m 87 |[39m   }
     [90m 88 |[39m }[0m

      at warn (lib/rateLimit.js:85:13)
      at app/api/groq/route.js:26:21
      at lib/error-handler.js:53:14
      at Object.<anonymous> (components/_tests_/groqRoute.test.js:251:19)

    console.warn
      [rate-limit] MongoDB unavailable, using in-memory fallback ΓÇö requests still rate limited: Connection refused

    [0m [90m 83 |[39m     }[33m;[39m
     [90m 84 |[39m   } [36mcatch[39m (err) {
    [31m[1m>[22m[39m[90m 85 |[39m     console[33m.[39mwarn([32m"[rate-limit] MongoDB unavailable, using 
in-memory fallback ΓÇö requests still rate limited:"[39m[33m,[39m err[33m.[39mmessage)[33m;[39m
     [90m    |[39m             [31m[1m^[22m[39m
     [90m 86 |[39m     [36mreturn[39m checkRateLimitFallback(userId)[33m;[39m
     [90m 87 |[39m   }
     [90m 88 |[39m }[0m

      at warn (lib/rateLimit.js:85:13)
      at app/api/groq/route.js:26:21
      at lib/error-handler.js:53:14
      at Object.<anonymous> (components/_tests_/groqRoute.test.js:251:19)

    console.warn
      [rate-limit] MongoDB unavailable, using in-memory fallback ΓÇö requests still rate limited: Connection refused

    [0m [90m 83 |[39m     }[33m;[39m
     [90m 84 |[39m   } [36mcatch[39m (err) {
    [31m[1m>[22m[39m[90m 85 |[39m     console[33m.[39mwarn([32m"[rate-limit] MongoDB unavailable, using 
in-memory fallback ΓÇö requests still rate limited:"[39m[33m,[39m err[33m.[39mmessage)[33m;[39m
     [90m    |[39m             [31m[1m^[22m[39m
     [90m 86 |[39m     [36mreturn[39m checkRateLimitFallback(userId)[33m;[39m
     [90m 87 |[39m   }
     [90m 88 |[39m }[0m

      at warn (lib/rateLimit.js:85:13)
      at app/api/groq/route.js:26:21
      at lib/error-handler.js:53:14
      at Object.<anonymous> (components/_tests_/groqRoute.test.js:251:19)

    console.warn
      [rate-limit] MongoDB unavailable, using in-memory fallback ΓÇö requests still rate limited: Connection refused

    [0m [90m 83 |[39m     }[33m;[39m
     [90m 84 |[39m   } [36mcatch[39m (err) {
    [31m[1m>[22m[39m[90m 85 |[39m     console[33m.[39mwarn([32m"[rate-limit] MongoDB unavailable, using 
in-memory fallback ΓÇö requests still rate limited:"[39m[33m,[39m err[33m.[39mmessage)[33m;[39m
     [90m    |[39m             [31m[1m^[22m[39m
     [90m 86 |[39m     [36mreturn[39m checkRateLimitFallback(userId)[33m;[39m
     [90m 87 |[39m   }
     [90m 88 |[39m }[0m

      at warn (lib/rateLimit.js:85:13)
      at app/api/groq/route.js:26:21
      at lib/error-handler.js:53:14
      at Object.<anonymous> (components/_tests_/groqRoute.test.js:251:19)

    console.warn
      [rate-limit] MongoDB unavailable, using in-memory fallback ΓÇö requests still rate limited: Connection refused

    [0m [90m 83 |[39m     }[33m;[39m
     [90m 84 |[39m   } [36mcatch[39m (err) {
    [31m[1m>[22m[39m[90m 85 |[39m     console[33m.[39mwarn([32m"[rate-limit] MongoDB unavailable, using 
in-memory fallback ΓÇö requests still rate limited:"[39m[33m,[39m err[33m.[39mmessage)[33m;[39m
     [90m    |[39m             [31m[1m^[22m[39m
     [90m 86 |[39m     [36mreturn[39m checkRateLimitFallback(userId)[33m;[39m
     [90m 87 |[39m   }
     [90m 88 |[39m }[0m

      at warn (lib/rateLimit.js:85:13)
      at app/api/groq/route.js:26:21
      at lib/error-handler.js:53:14
      at Object.<anonymous> (components/_tests_/groqRoute.test.js:251:19)

    console.warn
      [rate-limit] MongoDB unavailable, using in-memory fallback ΓÇö requests still rate limited: Connection refused

    [0m [90m 83 |[39m     }[33m;[39m
     [90m 84 |[39m   } [36mcatch[39m (err) {
    [31m[1m>[22m[39m[90m 85 |[39m     console[33m.[39mwarn([32m"[rate-limit] MongoDB unavailable, using 
in-memory fallback ΓÇö requests still rate limited:"[39m[33m,[39m err[33m.[39mmessage)[33m;[39m
     [90m    |[39m             [31m[1m^[22m[39m
     [90m 86 |[39m     [36mreturn[39m checkRateLimitFallback(userId)[33m;[39m
     [90m 87 |[39m   }
     [90m 88 |[39m }[0m

      at warn (lib/rateLimit.js:85:13)
      at app/api/groq/route.js:26:21
      at lib/error-handler.js:53:14
      at Object.<anonymous> (components/_tests_/groqRoute.test.js:259:22)

PASS utils/__tests__/mongoUtils.test.js
PASS components/_tests_/settingsRoute.test.js
PASS components/_tests_/registerRoute.test.js
  ΓùÅ Console

    console.error
      Unexpected server error: { name: 'Error', message: 'Database write failed', code: 'UNKNOWN' }

    [0m [90m 73 |[39m         console[33m.[39merror([32m"Unexpected server error:"[39m[33m,[39m 
error)[33m;[39m
     [90m 74 |[39m       } [36melse[39m {
    [31m[1m>[22m[39m[90m 75 |[39m         console[33m.[39merror([32m"Unexpected server 
error:"[39m[33m,[39m {
     [90m    |[39m                 [31m[1m^[22m[39m
     [90m 76 |[39m           name[33m:[39m error[33m?[39m[33m.[39mname[33m,[39m
     [90m 77 |[39m           message[33m:[39m error[33m?[39m[33m.[39mmessage[33m,[39m
     [90m 78 |[39m           code[33m:[39m error[33m?[39m[33m.[39mcode [33m?[39m[33m?[39m 
[32m"UNKNOWN"[39m[33m,[39m[0m

      at error (lib/error-handler.js:75:17)
      at Object.<anonymous> (components/_tests_/registerRoute.test.js:238:22)

PASS components/_tests_/conversationsRoute.test.js
  ΓùÅ Console

    console.error
      Unexpected server error: { name: 'Error', message: 'Database offline', code: 'UNKNOWN' }

    [0m [90m 73 |[39m         console[33m.[39merror([32m"Unexpected server error:"[39m[33m,[39m 
error)[33m;[39m
     [90m 74 |[39m       } [36melse[39m {
    [31m[1m>[22m[39m[90m 75 |[39m         console[33m.[39merror([32m"Unexpected server 
error:"[39m[33m,[39m {
     [90m    |[39m                 [31m[1m^[22m[39m
     [90m 76 |[39m           name[33m:[39m error[33m?[39m[33m.[39mname[33m,[39m
     [90m 77 |[39m           message[33m:[39m error[33m?[39m[33m.[39mmessage[33m,[39m
     [90m 78 |[39m           code[33m:[39m error[33m?[39m[33m.[39mcode [33m?[39m[33m?[39m 
[32m"UNKNOWN"[39m[33m,[39m[0m

      at error (lib/error-handler.js:75:17)
      at Object.<anonymous> (components/_tests_/conversationsRoute.test.js:335:22)

PASS components/_tests_/AuthForm.test.js
PASS components/__tests__/AuthForm.test.js

Test Suites: 1 failed, 11 passed, 12 total
Tests:       1 failed, 115 passed, 116 total
Snapshots:   0 total
Time:        3.142 s
Ran all test suites.
